<?xml version="1.0" encoding="utf-8"?><testsuites name="pytest tests"><testsuite name="pytest" errors="0" failures="0" skipped="0" tests="9" time="0.081" timestamp="2026-03-03T09:07:05.205439+07:00" hostname="LAPTOP-2LD2HKNN"><testcase classname="tests.test_api_basic" name="test_get_items_status_200" time="0.007" /><testcase classname="tests.test_api_basic" name="test_get_items_returns_list" time="0.002" /><testcase classname="tests.test_api_basic" name="test_get_items_not_empty" time="0.001" /><testcase classname="tests.test_api_basic" name="test_get_items_structure" time="0.001" /><testcase classname="tests.test_api_basic" name="test_get_items_content_type_json" time="0.001" /><testcase classname="tests.test_api_basic" name="test_get_items_exact_count" time="0.001" /><testcase classname="tests.test_api_basic" name="test_get_items_empty_list" time="0.002" /><testcase classname="tests.test_api_basic" name="test_unknown_route_returns_404" time="0.001" /><testcase classname="tests.test_api_basic" name="test_404_response_has_error_key" time="0.001" /></testsuite></testsuites>